[    0.000000] Linux version 5.15.0-91-generic (buildd@lcy02-amd64-101) (gcc (Ubuntu 11.4.0-1ubuntu1~22.04) 11.4.0, GNU ld (GNU Binutils for Ubuntu) 2.38) #101-Ubuntu SMP Tue Nov 14 13:30:08 UTC 2023
[    0.000000] Command line: BOOT_IMAGE=/boot/vmlinuz-5.15.0-91-generic root=UUID=3f2a9c11-.... ro quiet splash
[    1.203411] ahci 0000:00:17.0: version 3.0
[    1.203562] ahci 0000:00:17.0: AHCI 0001.0301 32 slots 4 ports 6 Gbps 0xf impl SATA mode
[    1.203574] ahci 0000:00:17.0: flags: 64bit ncq sntf led clo only pio slum part deso sadm sds apst
[    1.221058] scsi host0: ahci
[    1.221264] scsi host1: ahci
[    1.221402] scsi host2: ahci
[    1.221533] scsi host3: ahci
[    1.221612] ata1: SATA max UDMA/133 abar m2048@0xa132b000 port 0xa132b100 irq 125
[    1.221615] ata2: SATA max UDMA/133 abar m2048@0xa132b000 port 0xa132b180 irq 125
[    1.221617] ata3: SATA max UDMA/133 abar m2048@0xa132b000 port 0xa132b200 irq 125
[    1.221619] ata4: SATA max UDMA/133 abar m2048@0xa132b000 port 0xa132b280 irq 125
[    1.533904] ata1: SATA link up 6.0 Gbps (SStatus 133 SControl 300)
[    1.534011] ata2: SATA link up 6.0 Gbps (SStatus 133 SControl 300)
[    1.534108] ata3: SATA link up 6.0 Gbps (SStatus 133 SControl 300)
[    1.534201] ata4: SATA link up 6.0 Gbps (SStatus 133 SControl 300)
[    1.537120] ata1.00: ATA-10: ST4000DM000-1F2168, CC54, max UDMA/133
[    1.537123] ata1.00: 7814037168 sectors, multi 16: LBA48 NCQ (depth 32), AA
[    1.538901] ata1.00: configured for UDMA/133
[    1.539812] scsi 0:0:0:0: Direct-Access     ATA      ST4000DM000-1F21 CC54 PQ: 0 ANSI: 5
[    1.540221] sd 0:0:0:0: [sda] 7814037168 512-byte logical blocks: (4.00 TB/3.64 TiB)
[    1.540881] ata2.00: ATA-10: ST4000DM000-1F2168, CC54, max UDMA/133
[    1.540884] ata2.00: 7814037168 sectors, multi 16: LBA48 NCQ (depth 32), AA
[    1.542660] ata2.00: configured for UDMA/133
[    1.543388] scsi 1:0:0:0: Direct-Access     ATA      ST4000DM000-1F21 CC54 PQ: 0 ANSI: 5
[    1.543790] sd 1:0:0:0: [sdb] 7814037168 512-byte logical blocks: (4.00 TB/3.64 TiB)
[    1.544512] ata3.00: ATA-8: WDC WD40EFRX-68N32N0, 82.00A82, max UDMA/133
[    1.546290] ata3.00: configured for UDMA/133
[    1.547001] scsi 2:0:0:0: Direct-Access     ATA      WDC WD40EFRX-68N 0A82 PQ: 0 ANSI: 5
[    1.547402] sd 2:0:0:0: [sdc] 7814037168 512-byte logical blocks: (4.00 TB/3.64 TiB)
[    1.548001] ata4.00: ATA-8: WDC WD40EFRX-68N32N0, 82.00A82, max UDMA/133
[    1.549778] ata4.00: configured for UDMA/133
[    1.550490] scsi 3:0:0:0: Direct-Access     ATA      WDC WD40EFRX-68N 0A82 PQ: 0 ANSI: 5
[    1.550890] sd 3:0:0:0: [sdd] 7814037168 512-byte logical blocks: (4.00 TB/3.64 TiB)
[ 8642.118734] ata2.00: exception Emask 0x0 SAct 0x3 SErr 0x0 action 0x6 frozen
[ 8642.118751] ata2.00: failed command: WRITE FPDMA QUEUED
[ 8642.118762] ata2.00: cmd 61/08:00:00:08:40/00:00:3a:00:00/40 tag 0 ncq dma 4096 out
                        res 40/00:00:00:00:00/00:00:00:00:00/00 Emask 0x4 (timeout)
[ 8642.118773] ata2.00: status: { DRDY }
[ 8642.118781] ata2.00: failed command: WRITE FPDMA QUEUED
[ 8642.118789] ata2.00: cmd 61/08:00:00:10:40/00:00:3a:00:00/40 tag 1 ncq dma 4096 out
                        res 40/00:00:00:00:00/00:00:00:00:00/00 Emask 0x4 (timeout)
[ 8642.118799] ata2.00: status: { DRDY }
[ 8642.119015] ata2: hard resetting link
[ 8642.430112] ata2: SATA link up 6.0 Gbps (SStatus 133 SControl 300)
[ 8642.431508] ata2.00: configured for UDMA/133
[ 8642.431521] ata2: EH complete
[12901.552390] ata2.00: exception Emask 0x0 SAct 0x1 SErr 0x0 action 0x6 frozen
[12901.552405] ata2.00: failed command: WRITE FPDMA QUEUED
[12901.552415] ata2.00: cmd 61/10:00:00:80:16/00:00:b8:00:00/40 tag 0 ncq dma 8192 out
                        res 40/00:00:00:00:00/00:00:00:00:00/00 Emask 0x4 (timeout)
[12901.552425] ata2.00: status: { DRDY }
[12901.552601] ata2: hard resetting link
[12901.863802] ata2: SATA link up 6.0 Gbps (SStatus 133 SControl 300)
[12901.865190] ata2.00: configured for UDMA/133
[12901.865203] ata2: EH complete
[17355.901166] ata2.00: exception Emask 0x0 SAct 0x7 SErr 0x0 action 0x6 frozen
[17355.901182] ata2.00: failed command: WRITE FPDMA QUEUED
[17355.901192] ata2.00: cmd 61/08:00:00:48:20/01:00:12:01:00/40 tag 0 ncq dma 69632 out
                        res 40/00:00:00:00:00/00:00:00:00:00/00 Emask 0x4 (timeout)
[17355.901202] ata2.00: status: { DRDY }
[17355.901210] ata2.00: failed command: WRITE FPDMA QUEUED
[17355.901218] ata2.00: cmd 61/08:00:88:48:20/00:00:12:01:00/40 tag 1 ncq dma 4096 out
                        res 40/00:00:00:00:00/00:00:00:00:00/00 Emask 0x4 (timeout)
[17355.901227] ata2.00: status: { DRDY }
[17355.901234] ata2.00: failed command: READ FPDMA QUEUED
[17355.901241] ata2.00: cmd 60/08:10:00:02:30/00:00:45:00:00/40 tag 2 ncq dma 4096 in
                        res 40/00:00:00:00:00/00:00:00:00:00/00 Emask 0x4 (timeout)
[17355.901250] ata2.00: status: { DRDY }
[17355.901455] ata2: hard resetting link
[17356.212566] ata2: SATA link up 6.0 Gbps (SStatus 133 SControl 300)
[17356.213955] ata2.00: configured for UDMA/133
[17356.213967] ata2: EH complete
